../Core/Src/main.c:258:6:HAL_UART_TxCpltCallback	16	static
../Core/Src/main.c:266:6:HAL_SPI_TxCpltCallback	16	static
../Core/Src/main.c:270:6:HAL_GPIO_EXTI_Callback	40	static
../Core/Src/main.c:308:6:HAL_TIM_IC_CaptureCallback	40	static
../Core/Src/main.c:316:6:HAL_TIM_PeriodElapsedCallback	16	static
../Core/Src/main.c:325:6:HAL_TIM_PWM_PulseFinishedCallback	16	static
../Core/Src/main.c:332:6:HAL_ADC_ConvCpltCallback	16	static
../Core/Src/main.c:364:6:readEnvTimerCallback	56	static
../Core/Src/main.c:375:6:updateDisplayTimerCallback	40	static
../Core/Src/main.c:381:13:App_TimerInit	16	static
../Core/Src/main.c:391:5:main	8	static
../Core/Src/main.c:535:6:SystemClock_Config	88	static
../Core/Src/main.c:581:13:MX_ADC1_Init	24	static
../Core/Src/main.c:633:13:MX_I2C1_Init	8	static
../Core/Src/main.c:667:13:MX_SPI1_Init	8	static
../Core/Src/main.c:705:13:MX_TIM1_Init	80	static
../Core/Src/main.c:770:13:MX_TIM2_Init	48	static
../Core/Src/main.c:828:13:MX_TIM3_Init	32	static
../Core/Src/main.c:873:13:MX_USART2_UART_Init	8	static
../Core/Src/main.c:906:13:MX_USART3_UART_Init	8	static
../Core/Src/main.c:937:13:MX_DMA_Init	16	static
../Core/Src/main.c:962:13:MX_GPIO_Init	56	static
../Core/Src/main.c:1110:6:StartMonitor	16	static
../Core/Src/main.c:1144:6:Error_Handler	4	static,ignoring_inline_asm
